Copyright 1986-2022 Xilinx, Inc. All Rights Reserved. Copyright 2022-2025 Advanced Micro Devices, Inc. All Rights Reserved.
--------------------------------------------------------------------------------------------------------------------------------------------------
| Tool Version      : Vivado v.2025.1 (lin64) Build 6140274 Wed May 21 22:58:25 MDT 2025
| Date              : Sun Aug  2 13:17:55 2026
| Host              : ntk-System-Product-Name running 64-bit Ubuntu 22.04.5 LTS
| Command           : report_timing_summary -file /media/ntk/sda4/yuechi/mnist_hls_v2/results/expA_300mhz/timing_summary.rpt
| Design            : design_1_wrapper
| Device            : xck24-ubva530
| Speed File        : -2LV  PRODUCTION 1.30 05-15-2022
| Design State      : Routed
| Temperature Grade : C
--------------------------------------------------------------------------------------------------------------------------------------------------

Timing Summary Report

------------------------------------------------------------------------------------------------
| Timer Settings
| --------------
------------------------------------------------------------------------------------------------

  Enable Multi Corner Analysis               :  Yes
  Enable Pessimism Removal                   :  Yes
  Pessimism Removal Resolution               :  Nearest Common Node
  Enable Input Delay Default Clock           :  No
  Enable Preset / Clear Arcs                 :  No
  Disable Flight Delays                      :  No
  Ignore I/O Paths                           :  No
  Timing Early Launch at Borrowing Latches   :  No
  Borrow Time for Max Delay Exceptions       :  Yes
  Merge Timing Exceptions                    :  Yes
  Inter-SLR Compensation                     :  Conservative

  Corner  Analyze    Analyze    
  Name    Max Paths  Min Paths  
  ------  ---------  ---------  
  Slow    Yes        Yes        
  Fast    Yes        Yes        


------------------------------------------------------------------------------------------------
| Report Methodology
| ------------------
------------------------------------------------------------------------------------------------

No report available as report_methodology has not been run prior. Run report_methodology on the current design for the summary of methodology violations.



check_timing report

Table of Contents
-----------------
1. checking no_clock (0)
2. checking constant_clock (0)
3. checking pulse_width_clock (0)
4. checking unconstrained_internal_endpoints (0)
5. checking no_input_delay (0)
6. checking no_output_delay (0)
7. checking multiple_clock (0)
8. checking generated_clocks (0)
9. checking loops (0)
10. checking partial_input_delay (0)
11. checking partial_output_delay (0)
12. checking latch_loops (0)

1. checking no_clock (0)
------------------------
 There are 0 register/latch pins with no clock.


2. checking constant_clock (0)
------------------------------
 There are 0 register/latch pins with constant_clock.


3. checking pulse_width_clock (0)
---------------------------------
 There are 0 register/latch pins which need pulse_width check


4. checking unconstrained_internal_endpoints (0)
------------------------------------------------
 There are 0 pins that are not constrained for maximum delay.

 There are 0 pins that are not constrained for maximum delay due to constant clock.


5. checking no_input_delay (0)
------------------------------
 There are 0 input ports with no input delay specified.

 There are 0 input ports with no input delay but user has a false path constraint.


6. checking no_output_delay (0)
-------------------------------
 There are 0 ports with no output delay specified.

 There are 0 ports with no output delay but user has a false path constraint

 There are 0 ports with no output delay but with a timing clock defined on it or propagating through it


7. checking multiple_clock (0)
------------------------------
 There are 0 register/latch pins with multiple clocks.


8. checking generated_clocks (0)
--------------------------------
 There are 0 generated clocks that are not connected to a clock source.


9. checking loops (0)
---------------------
 There are 0 combinational loops in the design.


10. checking partial_input_delay (0)
------------------------------------
 There are 0 input ports with partial input delay specified.


11. checking partial_output_delay (0)
-------------------------------------
 There are 0 ports with partial output delay specified.


12. checking latch_loops (0)
----------------------------
 There are 0 combinational latch loops in the design through latch input



------------------------------------------------------------------------------------------------
| Design Timing Summary
| ---------------------
------------------------------------------------------------------------------------------------

    WNS(ns)      TNS(ns)  TNS Failing Endpoints  TNS Total Endpoints      WHS(ns)      THS(ns)  THS Failing Endpoints  THS Total Endpoints     WPWS(ns)     TPWS(ns)  TPWS Failing Endpoints  TPWS Total Endpoints  
    -------      -------  ---------------------  -------------------      -------      -------  ---------------------  -------------------     --------     --------  ----------------------  --------------------  
     -0.276     -310.624                   2787               110746        0.007        0.000                      0               110746        0.166        0.000                       0                 21112  


Timing constraints are not met.


------------------------------------------------------------------------------------------------
| Clock Summary
| -------------
------------------------------------------------------------------------------------------------

Clock     Waveform(ns)         Period(ns)      Frequency(MHz)
-----     ------------         ----------      --------------
clk_pl_0  {0.000 1.666}        3.333           300.030         
clk_pl_1  {0.000 5.000}        10.000          100.000         


------------------------------------------------------------------------------------------------
| Intra Clock Table
| -----------------
------------------------------------------------------------------------------------------------

Clock             WNS(ns)      TNS(ns)  TNS Failing Endpoints  TNS Total Endpoints      WHS(ns)      THS(ns)  THS Failing Endpoints  THS Total Endpoints     WPWS(ns)     TPWS(ns)  TPWS Failing Endpoints  TPWS Total Endpoints  
-----             -------      -------  ---------------------  -------------------      -------      -------  ---------------------  -------------------     --------     --------  ----------------------  --------------------  
clk_pl_0           -0.276     -310.624                   2787               110746        0.007        0.000                      0               110746        0.166        0.000                       0                 21112  


------------------------------------------------------------------------------------------------
| Inter Clock Table
| -----------------
------------------------------------------------------------------------------------------------

From Clock    To Clock          WNS(ns)      TNS(ns)  TNS Failing Endpoints  TNS Total Endpoints      WHS(ns)      THS(ns)  THS Failing Endpoints  THS Total Endpoints  
----------    --------          -------      -------  ---------------------  -------------------      -------      -------  ---------------------  -------------------  


------------------------------------------------------------------------------------------------
| Other Path Groups Table
| -----------------------
------------------------------------------------------------------------------------------------

Path Group    From Clock    To Clock          WNS(ns)      TNS(ns)  TNS Failing Endpoints  TNS Total Endpoints      WHS(ns)      THS(ns)  THS Failing Endpoints  THS Total Endpoints  
----------    ----------    --------          -------      -------  ---------------------  -------------------      -------      -------  ---------------------  -------------------  


------------------------------------------------------------------------------------------------
| Timing Details
| --------------
------------------------------------------------------------------------------------------------


---------------------------------------------------------------------------------------------------
From Clock:  clk_pl_0
  To Clock:  clk_pl_0

Setup :         2787  Failing Endpoints,  Worst Slack       -0.276ns,  Total Violation     -310.624ns
Hold  :            0  Failing Endpoints,  Worst Slack        0.007ns,  Total Violation        0.000ns
PW    :            0  Failing Endpoints,  Worst Slack        0.166ns,  Total Violation        0.000ns
---------------------------------------------------------------------------------------------------


Max Delay Paths
--------------------------------------------------------------------------------------
Slack (VIOLATED) :        -0.276ns  (required time - arrival time)
  Source:                 design_1_i/MultilayerPerceptron_0/inst/grp_FullyConnectedLayer_fu_148/grp_FullyConnectedLayer_Pipeline_VITIS_LOOP_38_2_fu_2162/weights1_U/q0_reg_9/CLKARDCLK
                            (rising edge-triggered cell RAMB36E2 clocked by clk_pl_0  {rise@0.000ns fall@1.666ns period=3.333ns})
  Destination:            design_1_i/MultilayerPerceptron_0/inst/grp_FullyConnectedLayer_fu_148/grp_FullyConnectedLayer_Pipeline_VITIS_LOOP_38_2_fu_2162/prev_fu_1094_reg[655]/D
                            (rising edge-triggered cell FDRE clocked by clk_pl_0  {rise@0.000ns fall@1.666ns period=3.333ns})
  Path Group:             clk_pl_0
  Path Type:              Setup (Max at Slow Process Corner)
  Requirement:            3.333ns  (clk_pl_0 rise@3.333ns - clk_pl_0 rise@0.000ns)
  Data Path Delay:        3.396ns  (logic 1.675ns (49.329%)  route 1.721ns (50.671%))
  Logic Levels:           10  (CARRY8=5 LUT3=2 LUT4=1 LUT6=2)
  Clock Path Skew:        -0.154ns (DCD - SCD + CPR)
    Destination Clock Delay (DCD):    2.375ns = ( 5.708 - 3.333 ) 
    Source Clock Delay      (SCD):    2.708ns
    Clock Pessimism Removal (CPR):    0.179ns
  Clock Uncertainty:      0.104ns  ((TSJ^2 + DJ^2)^1/2) / 2 + PE
    Total System Jitter     (TSJ):    0.071ns
    Discrete Jitter          (DJ):    0.195ns
    Phase Error              (PE):    0.000ns
  Clock Net Delay (Source):      2.441ns (routing 0.795ns, distribution 1.646ns)
  Clock Net Delay (Destination): 2.159ns (routing 0.726ns, distribution 1.433ns)

    Location             Delay type                Incr(ns)  Path(ns)    Netlist Resource(s)
  -------------------------------------------------------------------    -------------------
                         (clock clk_pl_0 rise edge)
                                                      0.000     0.000 r  
    PS8_X0Y0             PS8                          0.000     0.000 r  design_1_i/zynq_ultra_ps_e_0/inst/PS8_i/PLCLK[0]
                         net (fo=1, routed)           0.229     0.229    design_1_i/zynq_ultra_ps_e_0/inst/pl_clk_unbuffered[0]
    BUFG_PS_X0Y58        BUFG_PS (Prop_BUFG_PS_I_O)
                                                      0.038     0.267 r  design_1_i/zynq_ultra_ps_e_0/inst/buffer_pl_clk_0.PL_CLK_0_BUFG/O
    X0Y1 (CLOCK_ROOT)    net (fo=22236, routed)       2.441     2.708    design_1_i/MultilayerPerceptron_0/inst/grp_FullyConnectedLayer_fu_148/grp_FullyConnectedLayer_Pipeline_VITIS_LOOP_38_2_fu_2162/weights1_U/ap_clk
    RAMB36_X4Y14         RAMB36E2                                     r  design_1_i/MultilayerPerceptron_0/inst/grp_FullyConnectedLayer_fu_148/grp_FullyConnectedLayer_Pipeline_VITIS_LOOP_38_2_fu_2162/weights1_U/q0_reg_9/CLKARDCLK
  -------------------------------------------------------------------    -------------------
    RAMB36_X4Y14         RAMB36E2 (Prop_RAMB36E2_RAMB36_CLKARDCLK_DOUTADOUT[0])
                                                      0.305     3.013 r  design_1_i/MultilayerPerceptron_0/inst/grp_FullyConnectedLayer_fu_148/grp_FullyConnectedLayer_Pipeline_VITIS_LOOP_38_2_fu_2162/weights1_U/q0_reg_9/DOUTADOUT[0]
                         net (fo=17, routed)          0.539     3.552    design_1_i/MultilayerPerceptron_0/inst/grp_FullyConnectedLayer_fu_148/grp_FullyConnectedLayer_Pipeline_VITIS_LOOP_38_2_fu_2162/mul_8s_8s_16_1_1_U41/out[4]
    SLICE_X37Y82         LUT6 (Prop_G6LUT_SLICEM_I5_O)
                                                      0.057     3.609 r  design_1_i/MultilayerPerceptron_0/inst/grp_FullyConnectedLayer_fu_148/grp_FullyConnectedLayer_Pipeline_VITIS_LOOP_38_2_fu_2162/mul_8s_8s_16_1_1_U41/prev_fu_1094[647]_i_37/O
                         net (fo=2, routed)           0.107     3.716    design_1_i/MultilayerPerceptron_0/inst/grp_FullyConnectedLayer_fu_148/grp_FullyConnectedLayer_Pipeline_VITIS_LOOP_38_2_fu_2162/weights1_U/prev_fu_1094_reg[647]_i_19[1]
    SLICE_X37Y83         LUT6 (Prop_F6LUT_SLICEM_I0_O)
                                                      0.149     3.865 r  design_1_i/MultilayerPerceptron_0/inst/grp_FullyConnectedLayer_fu_148/grp_FullyConnectedLayer_Pipeline_VITIS_LOOP_38_2_fu_2162/weights1_U/prev_fu_1094[647]_i_44/O
                         net (fo=1, routed)           0.029     3.894    design_1_i/MultilayerPerceptron_0/inst/grp_FullyConnectedLayer_fu_148/grp_FullyConnectedLayer_Pipeline_VITIS_LOOP_38_2_fu_2162/mul_8s_8s_16_1_1_U41/S[5]
    SLICE_X37Y83         CARRY8 (Prop_CARRY8_SLICEM_S[5]_CO[7])
                                                      0.238     4.132 r  design_1_i/MultilayerPerceptron_0/inst/grp_FullyConnectedLayer_fu_148/grp_FullyConnectedLayer_Pipeline_VITIS_LOOP_38_2_fu_2162/mul_8s_8s_16_1_1_U41/prev_fu_1094_reg[647]_i_19/CO[7]
                         net (fo=1, routed)           0.030     4.162    design_1_i/MultilayerPerceptron_0/inst/grp_FullyConnectedLayer_fu_148/grp_FullyConnectedLayer_Pipeline_VITIS_LOOP_38_2_fu_2162/mul_8s_8s_16_1_1_U41/prev_fu_1094_reg[647]_i_19_n_0
    SLICE_X37Y84         CARRY8 (Prop_CARRY8_SLICEM_CI_O[0])
                                                      0.078     4.240 r  design_1_i/MultilayerPerceptron_0/inst/grp_FullyConnectedLayer_fu_148/grp_FullyConnectedLayer_Pipeline_VITIS_LOOP_38_2_fu_2162/mul_8s_8s_16_1_1_U41/prev_fu_1094_reg[655]_i_45/O[0]
                         net (fo=2, routed)           0.488     4.728    design_1_i/MultilayerPerceptron_0/inst/grp_FullyConnectedLayer_fu_148/grp_FullyConnectedLayer_Pipeline_VITIS_LOOP_38_2_fu_2162/mul_8s_8s_16_1_1_U41/prev_fu_1094_reg[655]_i_45_n_15
    SLICE_X38Y85         LUT3 (Prop_H6LUT_SLICEL_I2_O)
                                                      0.083     4.811 r  design_1_i/MultilayerPerceptron_0/inst/grp_FullyConnectedLayer_fu_148/grp_FullyConnectedLayer_Pipeline_VITIS_LOOP_38_2_fu_2162/mul_8s_8s_16_1_1_U41/prev_fu_1094[655]_i_27/O
                         net (fo=2, routed)           0.103     4.914    design_1_i/MultilayerPerceptron_0/inst/grp_FullyConnectedLayer_fu_148/grp_FullyConnectedLayer_Pipeline_VITIS_LOOP_38_2_fu_2162/mul_8s_8s_16_1_1_U41/prev_fu_1094[655]_i_27_n_0
    SLICE_X38Y84         LUT4 (Prop_F6LUT_SLICEL_I3_O)
                                                      0.150     5.064 r  design_1_i/MultilayerPerceptron_0/inst/grp_FullyConnectedLayer_fu_148/grp_FullyConnectedLayer_Pipeline_VITIS_LOOP_38_2_fu_2162/mul_8s_8s_16_1_1_U41/prev_fu_1094[655]_i_35/O
                         net (fo=1, routed)           0.015     5.079    design_1_i/MultilayerPerceptron_0/inst/grp_FullyConnectedLayer_fu_148/grp_FullyConnectedLayer_Pipeline_VITIS_LOOP_38_2_fu_2162/mul_8s_8s_16_1_1_U41/prev_fu_1094[655]_i_35_n_0
    SLICE_X38Y84         CARRY8 (Prop_CARRY8_SLICEL_S[5]_CO[7])
                                                      0.232     5.311 r  design_1_i/MultilayerPerceptron_0/inst/grp_FullyConnectedLayer_fu_148/grp_FullyConnectedLayer_Pipeline_VITIS_LOOP_38_2_fu_2162/mul_8s_8s_16_1_1_U41/prev_fu_1094_reg[655]_i_18/CO[7]
                         net (fo=1, routed)           0.030     5.341    design_1_i/MultilayerPerceptron_0/inst/grp_FullyConnectedLayer_fu_148/grp_FullyConnectedLayer_Pipeline_VITIS_LOOP_38_2_fu_2162/mul_8s_8s_16_1_1_U41/prev_fu_1094_reg[655]_i_18_n_0
    SLICE_X38Y85         CARRY8 (Prop_CARRY8_SLICEL_CI_O[1])
                                                      0.106     5.447 r  design_1_i/MultilayerPerceptron_0/inst/grp_FullyConnectedLayer_fu_148/grp_FullyConnectedLayer_Pipeline_VITIS_LOOP_38_2_fu_2162/mul_8s_8s_16_1_1_U41/prev_fu_1094_reg[655]_i_17/O[1]
                         net (fo=1, routed)           0.317     5.764    design_1_i/MultilayerPerceptron_0/inst/grp_FullyConnectedLayer_fu_148/grp_FullyConnectedLayer_Pipeline_VITIS_LOOP_38_2_fu_2162/product_40_fu_3469_p2[13]
    SLICE_X40Y84         LUT3 (Prop_F6LUT_SLICEM_I2_O)
                                                      0.080     5.844 r  design_1_i/MultilayerPerceptron_0/inst/grp_FullyConnectedLayer_fu_148/grp_FullyConnectedLayer_Pipeline_VITIS_LOOP_38_2_fu_2162/prev_fu_1094[655]_i_11/O
                         net (fo=1, routed)           0.029     5.873    design_1_i/MultilayerPerceptron_0/inst/grp_FullyConnectedLayer_fu_148/grp_FullyConnectedLayer_Pipeline_VITIS_LOOP_38_2_fu_2162/prev_fu_1094[655]_i_11_n_0
    SLICE_X40Y84         CARRY8 (Prop_CARRY8_SLICEM_S[5]_O[7])
                                                      0.197     6.070 r  design_1_i/MultilayerPerceptron_0/inst/grp_FullyConnectedLayer_fu_148/grp_FullyConnectedLayer_Pipeline_VITIS_LOOP_38_2_fu_2162/prev_fu_1094_reg[655]_i_1/O[7]
                         net (fo=1, routed)           0.034     6.104    design_1_i/MultilayerPerceptron_0/inst/grp_FullyConnectedLayer_fu_148/grp_FullyConnectedLayer_Pipeline_VITIS_LOOP_38_2_fu_2162/add_ln97_40_fu_3485_p2[15]
    SLICE_X40Y84         FDRE                                         r  design_1_i/MultilayerPerceptron_0/inst/grp_FullyConnectedLayer_fu_148/grp_FullyConnectedLayer_Pipeline_VITIS_LOOP_38_2_fu_2162/prev_fu_1094_reg[655]/D
  -------------------------------------------------------------------    -------------------

                         (clock clk_pl_0 rise edge)
                                                      3.333     3.333 r  
    PS8_X0Y0             PS8                          0.000     3.333 r  design_1_i/zynq_ultra_ps_e_0/inst/PS8_i/PLCLK[0]
                         net (fo=1, routed)           0.181     3.514    design_1_i/zynq_ultra_ps_e_0/inst/pl_clk_unbuffered[0]
    BUFG_PS_X0Y58        BUFG_PS (Prop_BUFG_PS_I_O)
                                                      0.035     3.549 r  design_1_i/zynq_ultra_ps_e_0/inst/buffer_pl_clk_0.PL_CLK_0_BUFG/O
    X0Y1 (CLOCK_ROOT)    net (fo=22236, routed)       2.159     5.708    design_1_i/MultilayerPerceptron_0/inst/grp_FullyConnectedLayer_fu_148/grp_FullyConnectedLayer_Pipeline_VITIS_LOOP_38_2_fu_2162/ap_clk
    SLICE_X40Y84         FDRE                                         r  design_1_i/MultilayerPerceptron_0/inst/grp_FullyConnectedLayer_fu_148/grp_FullyConnectedLayer_Pipeline_VITIS_LOOP_38_2_fu_2162/prev_fu_1094_reg[655]/C
                         clock pessimism              0.179     5.887    
                         clock uncertainty           -0.104     5.784    
    SLICE_X40Y84         FDRE (Setup_HFF_SLICEM_C_D)
                                                      0.044     5.828    design_1_i/MultilayerPerceptron_0/inst/grp_FullyConnectedLayer_fu_148/grp_FullyConnectedLayer_Pipeline_VITIS_LOOP_38_2_fu_2162/prev_fu_1094_reg[655]
  -------------------------------------------------------------------
                         required time                          5.828    
                         arrival time                          -6.104    
  -------------------------------------------------------------------
                         slack                                 -0.276    





Min Delay Paths
--------------------------------------------------------------------------------------
Slack (MET) :             0.007ns  (arrival time - required time)
  Source:                 design_1_i/MultilayerPerceptron_0/inst/grp_FullyConnectedLayer_fu_148/grp_FullyConnectedLayer_Pipeline_VITIS_LOOP_38_2_fu_2162/prev_fu_1094_reg[618]/C
                            (rising edge-triggered cell FDRE clocked by clk_pl_0  {rise@0.000ns fall@1.666ns period=3.333ns})
  Destination:            design_1_i/MultilayerPerceptron_0/inst/grp_FullyConnectedLayer_fu_148/prev_loc_fu_978_reg[618]/D
                            (rising edge-triggered cell FDRE clocked by clk_pl_0  {rise@0.000ns fall@1.666ns period=3.333ns})
  Path Group:             clk_pl_0
  Path Type:              Hold (Min at Slow Process Corner)
  Requirement:            0.000ns  (clk_pl_0 rise@0.000ns - clk_pl_0 rise@0.000ns)
  Data Path Delay:        0.220ns  (logic 0.112ns (50.893%)  route 0.108ns (49.107%))
  Logic Levels:           0  
  Clock Path Skew:        0.112ns (DCD - SCD - CPR)
    Destination Clock Delay (DCD):    2.494ns
    Source Clock Delay      (SCD):    2.204ns
    Clock Pessimism Removal (CPR):    0.177ns
  Clock Net Delay (Source):      1.988ns (routing 0.726ns, distribution 1.262ns)
  Clock Net Delay (Destination): 2.227ns (routing 0.795ns, distribution 1.432ns)

    Location             Delay type                Incr(ns)  Path(ns)    Netlist Resource(s)
  -------------------------------------------------------------------    -------------------
                         (clock clk_pl_0 rise edge)
                                                      0.000     0.000 r  
    PS8_X0Y0             PS8                          0.000     0.000 r  design_1_i/zynq_ultra_ps_e_0/inst/PS8_i/PLCLK[0]
                         net (fo=1, routed)           0.181     0.181    design_1_i/zynq_ultra_ps_e_0/inst/pl_clk_unbuffered[0]
    BUFG_PS_X0Y58        BUFG_PS (Prop_BUFG_PS_I_O)
                                                      0.035     0.216 r  design_1_i/zynq_ultra_ps_e_0/inst/buffer_pl_clk_0.PL_CLK_0_BUFG/O
    X0Y1 (CLOCK_ROOT)    net (fo=22236, routed)       1.988     2.204    design_1_i/MultilayerPerceptron_0/inst/grp_FullyConnectedLayer_fu_148/grp_FullyConnectedLayer_Pipeline_VITIS_LOOP_38_2_fu_2162/ap_clk
    SLICE_X31Y93         FDRE                                         r  design_1_i/MultilayerPerceptron_0/inst/grp_FullyConnectedLayer_fu_148/grp_FullyConnectedLayer_Pipeline_VITIS_LOOP_38_2_fu_2162/prev_fu_1094_reg[618]/C
  -------------------------------------------------------------------    -------------------
    SLICE_X31Y93         FDRE (Prop_CFF_SLICEM_C_Q)
                                                      0.112     2.316 r  design_1_i/MultilayerPerceptron_0/inst/grp_FullyConnectedLayer_fu_148/grp_FullyConnectedLayer_Pipeline_VITIS_LOOP_38_2_fu_2162/prev_fu_1094_reg[618]/Q
                         net (fo=3, routed)           0.108     2.424    design_1_i/MultilayerPerceptron_0/inst/grp_FullyConnectedLayer_fu_148/grp_FullyConnectedLayer_Pipeline_VITIS_LOOP_38_2_fu_2162_prev_out[618]
    SLICE_X30Y93         FDRE                                         r  design_1_i/MultilayerPerceptron_0/inst/grp_FullyConnectedLayer_fu_148/prev_loc_fu_978_reg[618]/D
  -------------------------------------------------------------------    -------------------

                         (clock clk_pl_0 rise edge)
                                                      0.000     0.000 r  
    PS8_X0Y0             PS8                          0.000     0.000 r  design_1_i/zynq_ultra_ps_e_0/inst/PS8_i/PLCLK[0]
                         net (fo=1, routed)           0.229     0.229    design_1_i/zynq_ultra_ps_e_0/inst/pl_clk_unbuffered[0]
    BUFG_PS_X0Y58        BUFG_PS (Prop_BUFG_PS_I_O)
                                                      0.038     0.267 r  design_1_i/zynq_ultra_ps_e_0/inst/buffer_pl_clk_0.PL_CLK_0_BUFG/O
    X0Y1 (CLOCK_ROOT)    net (fo=22236, routed)       2.227     2.494    design_1_i/MultilayerPerceptron_0/inst/grp_FullyConnectedLayer_fu_148/ap_clk
    SLICE_X30Y93         FDRE                                         r  design_1_i/MultilayerPerceptron_0/inst/grp_FullyConnectedLayer_fu_148/prev_loc_fu_978_reg[618]/C
                         clock pessimism             -0.177     2.316    
    SLICE_X30Y93         FDRE (Hold_AFF_SLICEL_C_D)
                                                      0.101     2.417    design_1_i/MultilayerPerceptron_0/inst/grp_FullyConnectedLayer_fu_148/prev_loc_fu_978_reg[618]
  -------------------------------------------------------------------
                         required time                         -2.417    
                         arrival time                           2.424    
  -------------------------------------------------------------------
                         slack                                  0.007    





Pulse Width Checks
--------------------------------------------------------------------------------------
Clock Name:         clk_pl_0
Waveform(ns):       { 0.000 1.666 }
Period(ns):         3.333
Sources:            { design_1_i/zynq_ultra_ps_e_0/inst/PS8_i/PLCLK[0] }

Check Type        Corner  Lib Pin          Reference Pin  Required(ns)  Actual(ns)  Slack(ns)  Location  Pin
Min Period        n/a     PS8/MAXIGP0ACLK  n/a            3.000         3.333       0.333      PS8_X0Y0  design_1_i/zynq_ultra_ps_e_0/inst/PS8_i/MAXIGP0ACLK
Low Pulse Width   Slow    PS8/MAXIGP0ACLK  n/a            1.500         1.667       0.167      PS8_X0Y0  design_1_i/zynq_ultra_ps_e_0/inst/PS8_i/MAXIGP0ACLK
High Pulse Width  Slow    PS8/MAXIGP0ACLK  n/a            1.500         1.667       0.167      PS8_X0Y0  design_1_i/zynq_ultra_ps_e_0/inst/PS8_i/MAXIGP0ACLK



