Copyright 1986-2022 Xilinx, Inc. All Rights Reserved. Copyright 2022-2025 Advanced Micro Devices, Inc. All Rights Reserved.
--------------------------------------------------------------------------------------------------------------------------------------------------
| Tool Version      : Vivado v.2025.1 (lin64) Build 6140274 Wed May 21 22:58:25 MDT 2025
| Date              : Sun Aug  2 12:50:20 2026
| Host              : ntk-System-Product-Name running 64-bit Ubuntu 22.04.5 LTS
| Command           : report_timing_summary -file /media/ntk/sda4/yuechi/mnist_hls_v2/results/expA_250mhz/timing_summary.rpt
| Design            : design_1_wrapper
| Device            : xck24-ubva530
| Speed File        : -2LV  PRODUCTION 1.30 05-15-2022
| Design State      : Routed
| Temperature Grade : C
--------------------------------------------------------------------------------------------------------------------------------------------------

Timing Summary Report

------------------------------------------------------------------------------------------------
| Timer Settings
| --------------
------------------------------------------------------------------------------------------------

  Enable Multi Corner Analysis               :  Yes
  Enable Pessimism Removal                   :  Yes
  Pessimism Removal Resolution               :  Nearest Common Node
  Enable Input Delay Default Clock           :  No
  Enable Preset / Clear Arcs                 :  No
  Disable Flight Delays                      :  No
  Ignore I/O Paths                           :  No
  Timing Early Launch at Borrowing Latches   :  No
  Borrow Time for Max Delay Exceptions       :  Yes
  Merge Timing Exceptions                    :  Yes
  Inter-SLR Compensation                     :  Conservative

  Corner  Analyze    Analyze    
  Name    Max Paths  Min Paths  
  ------  ---------  ---------  
  Slow    Yes        Yes        
  Fast    Yes        Yes        


------------------------------------------------------------------------------------------------
| Report Methodology
| ------------------
------------------------------------------------------------------------------------------------

No report available as report_methodology has not been run prior. Run report_methodology on the current design for the summary of methodology violations.



check_timing report

Table of Contents
-----------------
1. checking no_clock (0)
2. checking constant_clock (0)
3. checking pulse_width_clock (0)
4. checking unconstrained_internal_endpoints (0)
5. checking no_input_delay (0)
6. checking no_output_delay (0)
7. checking multiple_clock (0)
8. checking generated_clocks (0)
9. checking loops (0)
10. checking partial_input_delay (0)
11. checking partial_output_delay (0)
12. checking latch_loops (0)

1. checking no_clock (0)
------------------------
 There are 0 register/latch pins with no clock.


2. checking constant_clock (0)
------------------------------
 There are 0 register/latch pins with constant_clock.


3. checking pulse_width_clock (0)
---------------------------------
 There are 0 register/latch pins which need pulse_width check


4. checking unconstrained_internal_endpoints (0)
------------------------------------------------
 There are 0 pins that are not constrained for maximum delay.

 There are 0 pins that are not constrained for maximum delay due to constant clock.


5. checking no_input_delay (0)
------------------------------
 There are 0 input ports with no input delay specified.

 There are 0 input ports with no input delay but user has a false path constraint.


6. checking no_output_delay (0)
-------------------------------
 There are 0 ports with no output delay specified.

 There are 0 ports with no output delay but user has a false path constraint

 There are 0 ports with no output delay but with a timing clock defined on it or propagating through it


7. checking multiple_clock (0)
------------------------------
 There are 0 register/latch pins with multiple clocks.


8. checking generated_clocks (0)
--------------------------------
 There are 0 generated clocks that are not connected to a clock source.


9. checking loops (0)
---------------------
 There are 0 combinational loops in the design.


10. checking partial_input_delay (0)
------------------------------------
 There are 0 input ports with partial input delay specified.


11. checking partial_output_delay (0)
-------------------------------------
 There are 0 ports with partial output delay specified.


12. checking latch_loops (0)
----------------------------
 There are 0 combinational latch loops in the design through latch input



------------------------------------------------------------------------------------------------
| Design Timing Summary
| ---------------------
------------------------------------------------------------------------------------------------

    WNS(ns)      TNS(ns)  TNS Failing Endpoints  TNS Total Endpoints      WHS(ns)      THS(ns)  THS Failing Endpoints  THS Total Endpoints     WPWS(ns)     TPWS(ns)  TPWS Failing Endpoints  TPWS Total Endpoints  
    -------      -------  ---------------------  -------------------      -------      -------  ---------------------  -------------------     --------     --------  ----------------------  --------------------  
      0.010        0.000                      0               110825        0.010        0.000                      0               110825        0.500        0.000                       0                 20936  


All user specified timing constraints are met.


------------------------------------------------------------------------------------------------
| Clock Summary
| -------------
------------------------------------------------------------------------------------------------

Clock     Waveform(ns)         Period(ns)      Frequency(MHz)
-----     ------------         ----------      --------------
clk_pl_0  {0.000 2.000}        4.000           250.000         
clk_pl_1  {0.000 5.000}        10.000          100.000         


------------------------------------------------------------------------------------------------
| Intra Clock Table
| -----------------
------------------------------------------------------------------------------------------------

Clock             WNS(ns)      TNS(ns)  TNS Failing Endpoints  TNS Total Endpoints      WHS(ns)      THS(ns)  THS Failing Endpoints  THS Total Endpoints     WPWS(ns)     TPWS(ns)  TPWS Failing Endpoints  TPWS Total Endpoints  
-----             -------      -------  ---------------------  -------------------      -------      -------  ---------------------  -------------------     --------     --------  ----------------------  --------------------  
clk_pl_0            0.010        0.000                      0               110825        0.010        0.000                      0               110825        0.500        0.000                       0                 20936  


------------------------------------------------------------------------------------------------
| Inter Clock Table
| -----------------
------------------------------------------------------------------------------------------------

From Clock    To Clock          WNS(ns)      TNS(ns)  TNS Failing Endpoints  TNS Total Endpoints      WHS(ns)      THS(ns)  THS Failing Endpoints  THS Total Endpoints  
----------    --------          -------      -------  ---------------------  -------------------      -------      -------  ---------------------  -------------------  


------------------------------------------------------------------------------------------------
| Other Path Groups Table
| -----------------------
------------------------------------------------------------------------------------------------

Path Group    From Clock    To Clock          WNS(ns)      TNS(ns)  TNS Failing Endpoints  TNS Total Endpoints      WHS(ns)      THS(ns)  THS Failing Endpoints  THS Total Endpoints  
----------    ----------    --------          -------      -------  ---------------------  -------------------      -------      -------  ---------------------  -------------------  


------------------------------------------------------------------------------------------------
| Timing Details
| --------------
------------------------------------------------------------------------------------------------


---------------------------------------------------------------------------------------------------
From Clock:  clk_pl_0
  To Clock:  clk_pl_0

Setup :            0  Failing Endpoints,  Worst Slack        0.010ns,  Total Violation        0.000ns
Hold  :            0  Failing Endpoints,  Worst Slack        0.010ns,  Total Violation        0.000ns
PW    :            0  Failing Endpoints,  Worst Slack        0.500ns,  Total Violation        0.000ns
---------------------------------------------------------------------------------------------------


Max Delay Paths
--------------------------------------------------------------------------------------
Slack (MET) :             0.010ns  (required time - arrival time)
  Source:                 design_1_i/MultilayerPerceptron_0/inst/data1_U/ram_reg_bram_0/CLKARDCLK
                            (rising edge-triggered cell RAMB18E2 clocked by clk_pl_0  {rise@0.000ns fall@2.000ns period=4.000ns})
  Destination:            design_1_i/MultilayerPerceptron_0/inst/grp_FullyConnectedLayer_1_fu_159/grp_FullyConnectedLayer_1_Pipeline_VITIS_LOOP_38_2_fu_770/mac_muladd_8s_7ns_16s_16_4_1_U388/MultilayerPerceptron_mac_muladd_8s_7ns_16s_16_4_1_DSP48_0_U/p_reg_reg/DSP_A_B_DATA_INST/B[5]
                            (rising edge-triggered cell DSP_A_B_DATA clocked by clk_pl_0  {rise@0.000ns fall@2.000ns period=4.000ns})
  Path Group:             clk_pl_0
  Path Type:              Setup (Max at Slow Process Corner)
  Requirement:            4.000ns  (clk_pl_0 rise@4.000ns - clk_pl_0 rise@0.000ns)
  Data Path Delay:        3.044ns  (logic 1.283ns (42.142%)  route 1.761ns (57.858%))
  Logic Levels:           0  
  Clock Path Skew:        -0.316ns (DCD - SCD + CPR)
    Destination Clock Delay (DCD):    2.136ns = ( 6.136 - 4.000 ) 
    Source Clock Delay      (SCD):    2.575ns
    Clock Pessimism Removal (CPR):    0.123ns
  Clock Uncertainty:      0.122ns  ((TSJ^2 + DJ^2)^1/2) / 2 + PE
    Total System Jitter     (TSJ):    0.071ns
    Discrete Jitter          (DJ):    0.233ns
    Phase Error              (PE):    0.000ns
  Clock Net Delay (Source):      2.308ns (routing 0.795ns, distribution 1.513ns)
  Clock Net Delay (Destination): 1.920ns (routing 0.726ns, distribution 1.194ns)

    Location             Delay type                Incr(ns)  Path(ns)    Netlist Resource(s)
  -------------------------------------------------------------------    -------------------
                         (clock clk_pl_0 rise edge)
                                                      0.000     0.000 r  
    PS8_X0Y0             PS8                          0.000     0.000 r  design_1_i/zynq_ultra_ps_e_0/inst/PS8_i/PLCLK[0]
                         net (fo=1, routed)           0.229     0.229    design_1_i/zynq_ultra_ps_e_0/inst/pl_clk_unbuffered[0]
    BUFG_PS_X0Y58        BUFG_PS (Prop_BUFG_PS_I_O)
                                                      0.038     0.267 r  design_1_i/zynq_ultra_ps_e_0/inst/buffer_pl_clk_0.PL_CLK_0_BUFG/O
    X0Y1 (CLOCK_ROOT)    net (fo=22060, routed)       2.308     2.575    design_1_i/MultilayerPerceptron_0/inst/data1_U/ap_clk
    RAMB18_X2Y24         RAMB18E2                                     r  design_1_i/MultilayerPerceptron_0/inst/data1_U/ram_reg_bram_0/CLKARDCLK
  -------------------------------------------------------------------    -------------------
    RAMB18_X2Y24         RAMB18E2 (Prop_RAMB18E2_L_RAMB180_CLKARDCLK_DOUTADOUT[5])
                                                      1.283     3.858 r  design_1_i/MultilayerPerceptron_0/inst/data1_U/ram_reg_bram_0/DOUTADOUT[5]
                         net (fo=256, routed)         1.761     5.620    design_1_i/MultilayerPerceptron_0/inst/grp_FullyConnectedLayer_1_fu_159/grp_FullyConnectedLayer_1_Pipeline_VITIS_LOOP_38_2_fu_770/mac_muladd_8s_7ns_16s_16_4_1_U388/MultilayerPerceptron_mac_muladd_8s_7ns_16s_16_4_1_DSP48_0_U/p_reg_reg/B[5]
    DSP48E2_X0Y13        DSP_A_B_DATA                                 r  design_1_i/MultilayerPerceptron_0/inst/grp_FullyConnectedLayer_1_fu_159/grp_FullyConnectedLayer_1_Pipeline_VITIS_LOOP_38_2_fu_770/mac_muladd_8s_7ns_16s_16_4_1_U388/MultilayerPerceptron_mac_muladd_8s_7ns_16s_16_4_1_DSP48_0_U/p_reg_reg/DSP_A_B_DATA_INST/B[5]
  -------------------------------------------------------------------    -------------------

                         (clock clk_pl_0 rise edge)
                                                      4.000     4.000 r  
    PS8_X0Y0             PS8                          0.000     4.000 r  design_1_i/zynq_ultra_ps_e_0/inst/PS8_i/PLCLK[0]
                         net (fo=1, routed)           0.181     4.181    design_1_i/zynq_ultra_ps_e_0/inst/pl_clk_unbuffered[0]
    BUFG_PS_X0Y58        BUFG_PS (Prop_BUFG_PS_I_O)
                                                      0.035     4.216 r  design_1_i/zynq_ultra_ps_e_0/inst/buffer_pl_clk_0.PL_CLK_0_BUFG/O
    X0Y1 (CLOCK_ROOT)    net (fo=22060, routed)       1.920     6.136    design_1_i/MultilayerPerceptron_0/inst/grp_FullyConnectedLayer_1_fu_159/grp_FullyConnectedLayer_1_Pipeline_VITIS_LOOP_38_2_fu_770/mac_muladd_8s_7ns_16s_16_4_1_U388/MultilayerPerceptron_mac_muladd_8s_7ns_16s_16_4_1_DSP48_0_U/p_reg_reg/CLK
    DSP48E2_X0Y13        DSP_A_B_DATA                                 r  design_1_i/MultilayerPerceptron_0/inst/grp_FullyConnectedLayer_1_fu_159/grp_FullyConnectedLayer_1_Pipeline_VITIS_LOOP_38_2_fu_770/mac_muladd_8s_7ns_16s_16_4_1_U388/MultilayerPerceptron_mac_muladd_8s_7ns_16s_16_4_1_DSP48_0_U/p_reg_reg/DSP_A_B_DATA_INST/CLK
                         clock pessimism              0.123     6.259    
                         clock uncertainty           -0.122     6.137    
    DSP48E2_X0Y13        DSP_A_B_DATA (Setup_DSP_A_B_DATA_DSP48E2_CLK_B[5])
                                                     -0.508     5.629    design_1_i/MultilayerPerceptron_0/inst/grp_FullyConnectedLayer_1_fu_159/grp_FullyConnectedLayer_1_Pipeline_VITIS_LOOP_38_2_fu_770/mac_muladd_8s_7ns_16s_16_4_1_U388/MultilayerPerceptron_mac_muladd_8s_7ns_16s_16_4_1_DSP48_0_U/p_reg_reg/DSP_A_B_DATA_INST
  -------------------------------------------------------------------
                         required time                          5.629    
                         arrival time                          -5.620    
  -------------------------------------------------------------------
                         slack                                  0.010    





Min Delay Paths
--------------------------------------------------------------------------------------
Slack (MET) :             0.010ns  (arrival time - required time)
  Source:                 design_1_i/MultilayerPerceptron_0/inst/grp_FullyConnectedLayer_fu_148/grp_FullyConnectedLayer_Pipeline_VITIS_LOOP_38_2_fu_2162/prev_fu_1094_reg[2039]/C
                            (rising edge-triggered cell FDRE clocked by clk_pl_0  {rise@0.000ns fall@2.000ns period=4.000ns})
  Destination:            design_1_i/MultilayerPerceptron_0/inst/grp_FullyConnectedLayer_fu_148/prev_loc_fu_978_reg[2039]/D
                            (rising edge-triggered cell FDRE clocked by clk_pl_0  {rise@0.000ns fall@2.000ns period=4.000ns})
  Path Group:             clk_pl_0
  Path Type:              Hold (Min at Slow Process Corner)
  Requirement:            0.000ns  (clk_pl_0 rise@0.000ns - clk_pl_0 rise@0.000ns)
  Data Path Delay:        0.220ns  (logic 0.112ns (50.893%)  route 0.108ns (49.107%))
  Logic Levels:           0  
  Clock Path Skew:        0.108ns (DCD - SCD - CPR)
    Destination Clock Delay (DCD):    2.431ns
    Source Clock Delay      (SCD):    2.151ns
    Clock Pessimism Removal (CPR):    0.172ns
  Clock Net Delay (Source):      1.935ns (routing 0.726ns, distribution 1.209ns)
  Clock Net Delay (Destination): 2.164ns (routing 0.795ns, distribution 1.369ns)

    Location             Delay type                Incr(ns)  Path(ns)    Netlist Resource(s)
  -------------------------------------------------------------------    -------------------
                         (clock clk_pl_0 rise edge)
                                                      0.000     0.000 r  
    PS8_X0Y0             PS8                          0.000     0.000 r  design_1_i/zynq_ultra_ps_e_0/inst/PS8_i/PLCLK[0]
                         net (fo=1, routed)           0.181     0.181    design_1_i/zynq_ultra_ps_e_0/inst/pl_clk_unbuffered[0]
    BUFG_PS_X0Y58        BUFG_PS (Prop_BUFG_PS_I_O)
                                                      0.035     0.216 r  design_1_i/zynq_ultra_ps_e_0/inst/buffer_pl_clk_0.PL_CLK_0_BUFG/O
    X0Y1 (CLOCK_ROOT)    net (fo=22060, routed)       1.935     2.151    design_1_i/MultilayerPerceptron_0/inst/grp_FullyConnectedLayer_fu_148/grp_FullyConnectedLayer_Pipeline_VITIS_LOOP_38_2_fu_2162/ap_clk
    SLICE_X23Y72         FDRE                                         r  design_1_i/MultilayerPerceptron_0/inst/grp_FullyConnectedLayer_fu_148/grp_FullyConnectedLayer_Pipeline_VITIS_LOOP_38_2_fu_2162/prev_fu_1094_reg[2039]/C
  -------------------------------------------------------------------    -------------------
    SLICE_X23Y72         FDRE (Prop_HFF_SLICEL_C_Q)
                                                      0.112     2.263 r  design_1_i/MultilayerPerceptron_0/inst/grp_FullyConnectedLayer_fu_148/grp_FullyConnectedLayer_Pipeline_VITIS_LOOP_38_2_fu_2162/prev_fu_1094_reg[2039]/Q
                         net (fo=3, routed)           0.108     2.372    design_1_i/MultilayerPerceptron_0/inst/grp_FullyConnectedLayer_fu_148/grp_FullyConnectedLayer_Pipeline_VITIS_LOOP_38_2_fu_2162_prev_out[2039]
    SLICE_X25Y72         FDRE                                         r  design_1_i/MultilayerPerceptron_0/inst/grp_FullyConnectedLayer_fu_148/prev_loc_fu_978_reg[2039]/D
  -------------------------------------------------------------------    -------------------

                         (clock clk_pl_0 rise edge)
                                                      0.000     0.000 r  
    PS8_X0Y0             PS8                          0.000     0.000 r  design_1_i/zynq_ultra_ps_e_0/inst/PS8_i/PLCLK[0]
                         net (fo=1, routed)           0.229     0.229    design_1_i/zynq_ultra_ps_e_0/inst/pl_clk_unbuffered[0]
    BUFG_PS_X0Y58        BUFG_PS (Prop_BUFG_PS_I_O)
                                                      0.038     0.267 r  design_1_i/zynq_ultra_ps_e_0/inst/buffer_pl_clk_0.PL_CLK_0_BUFG/O
    X0Y1 (CLOCK_ROOT)    net (fo=22060, routed)       2.164     2.431    design_1_i/MultilayerPerceptron_0/inst/grp_FullyConnectedLayer_fu_148/ap_clk
    SLICE_X25Y72         FDRE                                         r  design_1_i/MultilayerPerceptron_0/inst/grp_FullyConnectedLayer_fu_148/prev_loc_fu_978_reg[2039]/C
                         clock pessimism             -0.172     2.260    
    SLICE_X25Y72         FDRE (Hold_EFF2_SLICEL_C_D)
                                                      0.102     2.362    design_1_i/MultilayerPerceptron_0/inst/grp_FullyConnectedLayer_fu_148/prev_loc_fu_978_reg[2039]
  -------------------------------------------------------------------
                         required time                         -2.362    
                         arrival time                           2.372    
  -------------------------------------------------------------------
                         slack                                  0.010    





Pulse Width Checks
--------------------------------------------------------------------------------------
Clock Name:         clk_pl_0
Waveform(ns):       { 0.000 2.000 }
Period(ns):         4.000
Sources:            { design_1_i/zynq_ultra_ps_e_0/inst/PS8_i/PLCLK[0] }

Check Type        Corner  Lib Pin          Reference Pin  Required(ns)  Actual(ns)  Slack(ns)  Location  Pin
Min Period        n/a     PS8/MAXIGP0ACLK  n/a            3.000         4.000       1.000      PS8_X0Y0  design_1_i/zynq_ultra_ps_e_0/inst/PS8_i/MAXIGP0ACLK
Low Pulse Width   Slow    PS8/MAXIGP0ACLK  n/a            1.500         2.000       0.500      PS8_X0Y0  design_1_i/zynq_ultra_ps_e_0/inst/PS8_i/MAXIGP0ACLK
High Pulse Width  Slow    PS8/MAXIGP0ACLK  n/a            1.500         2.000       0.500      PS8_X0Y0  design_1_i/zynq_ultra_ps_e_0/inst/PS8_i/MAXIGP0ACLK



