Copyright 1986-2022 Xilinx, Inc. All Rights Reserved. Copyright 2022-2025 Advanced Micro Devices, Inc. All Rights Reserved.
---------------------------------------------------------------------------------------------------------------------------------------------
| Tool Version : Vivado v.2025.1 (lin64) Build 6140274 Wed May 21 22:58:25 MDT 2025
| Date         : Sun Aug  2 12:50:21 2026
| Host         : ntk-System-Product-Name running 64-bit Ubuntu 22.04.5 LTS
| Command      : report_utilization -file /media/ntk/sda4/yuechi/mnist_hls_v2/results/expA_250mhz/utilization.rpt
| Design       : design_1_wrapper
| Device       : xck24-ubva530-2LV-c
| Speed File   : -2LV
| Design State : Routed
---------------------------------------------------------------------------------------------------------------------------------------------

Utilization Design Information

Table of Contents
-----------------
1. CLB Logic
1.1 Summary of Registers by Type
2. CLB Logic Distribution
3. BLOCKRAM
4. ARITHMETIC
5. I/O
6. CLOCK
7. ADVANCED
8. CONFIGURATION
9. Primitives
10. Black Boxes
11. Instantiated Netlists

1. CLB Logic
------------

+----------------------------+-------+-------+------------+-----------+-------+
|          Site Type         |  Used | Fixed | Prohibited | Available | Util% |
+----------------------------+-------+-------+------------+-----------+-------+
| CLB LUTs                   | 26052 |     0 |          0 |     70560 | 36.92 |
|   LUT as Logic             | 25021 |     0 |          0 |     70560 | 35.46 |
|   LUT as Memory            |  1031 |     0 |          0 |     28800 |  3.58 |
|     LUT as Distributed RAM |   316 |     0 |            |           |       |
|     LUT as Shift Register  |   715 |     0 |            |           |       |
| CLB Registers              | 19026 |     0 |          0 |    141120 | 13.48 |
|   Register as Flip Flop    | 19026 |     0 |          0 |    141120 | 13.48 |
|   Register as Latch        |     0 |     0 |          0 |    141120 |  0.00 |
| CARRY8                     |  1460 |     0 |          0 |      8820 | 16.55 |
| F7 Muxes                   |  2155 |     0 |          0 |     35280 |  6.11 |
| F8 Muxes                   |   135 |     0 |          0 |     17640 |  0.77 |
| F9 Muxes                   |     0 |     0 |          0 |      8820 |  0.00 |
+----------------------------+-------+-------+------------+-----------+-------+
* Warning! LUT value is adjusted to account for LUT combining.


1.1 Summary of Registers by Type
--------------------------------

+-------+--------------+-------------+--------------+
| Total | Clock Enable | Synchronous | Asynchronous |
+-------+--------------+-------------+--------------+
| 0     |            _ |           - |            - |
| 0     |            _ |           - |          Set |
| 0     |            _ |           - |        Reset |
| 0     |            _ |         Set |            - |
| 0     |            _ |       Reset |            - |
| 0     |          Yes |           - |            - |
| 0     |          Yes |           - |          Set |
| 120   |          Yes |           - |        Reset |
| 222   |          Yes |         Set |            - |
| 18684 |          Yes |       Reset |            - |
+-------+--------------+-------------+--------------+


2. CLB Logic Distribution
-------------------------

+--------------------------------------------+-------+-------+------------+-----------+-------+
|                  Site Type                 |  Used | Fixed | Prohibited | Available | Util% |
+--------------------------------------------+-------+-------+------------+-----------+-------+
| CLB                                        |  4549 |     0 |          0 |      8820 | 51.58 |
|   CLBL                                     |  2629 |     0 |            |           |       |
|   CLBM                                     |  1920 |     0 |            |           |       |
| LUT as Logic                               | 25021 |     0 |          0 |     70560 | 35.46 |
|   using O5 output only                     |   316 |       |            |           |       |
|   using O6 output only                     | 18089 |       |            |           |       |
|   using O5 and O6                          |  6616 |       |            |           |       |
| LUT as Memory                              |  1031 |     0 |          0 |     28800 |  3.58 |
|   LUT as Distributed RAM                   |   316 |     0 |            |           |       |
|     using O5 output only                   |     0 |       |            |           |       |
|     using O6 output only                   |     4 |       |            |           |       |
|     using O5 and O6                        |   312 |       |            |           |       |
|   LUT as Shift Register                    |   715 |     0 |            |           |       |
|     using O5 output only                   |     0 |       |            |           |       |
|     using O6 output only                   |   605 |       |            |           |       |
|     using O5 and O6                        |   110 |       |            |           |       |
| CLB Registers                              | 19026 |     0 |          0 |    141120 | 13.48 |
|   Register driven from within the CLB      | 10266 |       |            |           |       |
|   Register driven from outside the CLB     |  8760 |       |            |           |       |
|     LUT in front of the register is unused |  4854 |       |            |           |       |
|     LUT in front of the register is used   |  3906 |       |            |           |       |
| Unique Control Sets                        |   662 |       |          0 |     17640 |  3.75 |
+--------------------------------------------+-------+-------+------------+-----------+-------+
* * Note: Available Control Sets calculated as Slices * 2, Review the Control Sets Report for more information regarding control sets.


3. BLOCKRAM
-----------

+-------------------+------+-------+------------+-----------+-------+
|     Site Type     | Used | Fixed | Prohibited | Available | Util% |
+-------------------+------+-------+------------+-----------+-------+
| Block RAM Tile    | 31.5 |     0 |          0 |       216 | 14.58 |
|   RAMB36/FIFO*    |   29 |     0 |          0 |       216 | 13.43 |
|     RAMB36E2 only |   29 |       |            |           |       |
|   RAMB18          |    5 |     0 |          0 |       432 |  1.16 |
|     RAMB18E2 only |    5 |       |            |           |       |
+-------------------+------+-------+------------+-----------+-------+
* Note: Each Block RAM Tile only has one FIFO logic available and therefore can accommodate only one FIFO36E2 or one FIFO18E2. However, if a FIFO18E2 occupies a Block RAM Tile, that tile can still accommodate a RAMB18E2


4. ARITHMETIC
-------------

+----------------+------+-------+------------+-----------+-------+
|    Site Type   | Used | Fixed | Prohibited | Available | Util% |
+----------------+------+-------+------------+-----------+-------+
| DSPs           |  256 |     0 |          0 |       360 | 71.11 |
|   DSP48E2 only |  256 |       |            |           |       |
+----------------+------+-------+------------+-----------+-------+


5. I/O
------

+------------------+------+-------+------------+-----------+-------+
|     Site Type    | Used | Fixed | Prohibited | Available | Util% |
+------------------+------+-------+------------+-----------+-------+
| Bonded IOB       |    0 |     0 |          0 |        81 |  0.00 |
|   HPIOB_M        |    0 |     0 |          0 |        26 |  0.00 |
|   HPIOB_S        |    0 |     0 |          0 |        26 |  0.00 |
|   HDIOB_M        |    0 |     0 |          0 |        12 |  0.00 |
|   HDIOB_S        |    0 |     0 |          0 |        11 |  0.00 |
|   HPIOB_SNGL     |    0 |     0 |          0 |         6 |  0.00 |
| HPIOBDIFFINBUF   |    0 |     0 |          0 |        72 |  0.00 |
| HPIOBDIFFOUTBUF  |    0 |     0 |          0 |        72 |  0.00 |
| HDIOBDIFFINBUF   |    0 |     0 |          0 |        48 |  0.00 |
| BITSLICE_CONTROL |    0 |     0 |          0 |        24 |  0.00 |
| BITSLICE_RX_TX   |    0 |     0 |          0 |       936 |  0.00 |
| BITSLICE_TX      |    0 |     0 |          0 |        24 |  0.00 |
| RIU_OR           |    0 |     0 |          0 |        12 |  0.00 |
+------------------+------+-------+------------+-----------+-------+


6. CLOCK
--------

+------------+------+-------+------------+-----------+-------+
|  Site Type | Used | Fixed | Prohibited | Available | Util% |
+------------+------+-------+------------+-----------+-------+
| BUFGCE     |    0 |     0 |          0 |        88 |  0.00 |
| BUFGCE_DIV |    0 |     0 |          0 |        12 |  0.00 |
| BUFG_PS    |    1 |     0 |          0 |        72 |  1.39 |
| BUFGCTRL*  |    0 |     0 |          0 |        24 |  0.00 |
| PLL        |    0 |     0 |          0 |         6 |  0.00 |
| MMCM       |    0 |     0 |          0 |         3 |  0.00 |
+------------+------+-------+------------+-----------+-------+
* Note: Each used BUFGCTRL counts as two GLOBAL CLOCK BUFFERs. This table does not include global clocking resources, only buffer cell usage. See the Clock Utilization Report (report_clock_utilization) for detailed accounting of global clocking resource availability.


7. ADVANCED
-----------

+-----------+------+-------+------------+-----------+--------+
| Site Type | Used | Fixed | Prohibited | Available |  Util% |
+-----------+------+-------+------------+-----------+--------+
| PS8       |    1 |     0 |          0 |         1 | 100.00 |
| SYSMONE4  |    0 |     0 |          0 |         1 |   0.00 |
+-----------+------+-------+------------+-----------+--------+


8. CONFIGURATION
----------------

+-------------+------+-------+------------+-----------+-------+
|  Site Type  | Used | Fixed | Prohibited | Available | Util% |
+-------------+------+-------+------------+-----------+-------+
| BSCANE2     |    0 |     0 |          0 |         4 |  0.00 |
| DNA_PORTE2  |    0 |     0 |          0 |         1 |  0.00 |
| EFUSE_USR   |    0 |     0 |          0 |         1 |  0.00 |
| FRAME_ECCE4 |    0 |     0 |          0 |         1 |  0.00 |
| ICAPE3      |    0 |     0 |          0 |         2 |  0.00 |
| MASTER_JTAG |    0 |     0 |          0 |         1 |  0.00 |
| STARTUPE3   |    0 |     0 |          0 |         1 |  0.00 |
+-------------+------+-------+------------+-----------+-------+


9. Primitives
-------------

+----------+-------+---------------------+
| Ref Name |  Used | Functional Category |
+----------+-------+---------------------+
| FDRE     | 18684 |            Register |
| LUT6     | 11907 |                 CLB |
| LUT4     |  5598 |                 CLB |
| LUT3     |  5317 |                 CLB |
| LUT2     |  4786 |                 CLB |
| LUT5     |  3789 |                 CLB |
| MUXF7    |  2155 |                 CLB |
| CARRY8   |  1460 |                 CLB |
| RAMD32   |   550 |                 CLB |
| SRL16E   |   415 |                 CLB |
| SRLC32E  |   410 |                 CLB |
| DSP48E2  |   256 |          Arithmetic |
| LUT1     |   240 |                 CLB |
| FDSE     |   222 |            Register |
| MUXF8    |   135 |                 CLB |
| FDCE     |   120 |            Register |
| RAMS32   |    78 |                 CLB |
| RAMB36E2 |    29 |            BLOCKRAM |
| RAMB18E2 |     5 |            BLOCKRAM |
| PS8      |     1 |            Advanced |
| BUFG_PS  |     1 |               Clock |
+----------+-------+---------------------+


10. Black Boxes
---------------

+----------+------+
| Ref Name | Used |
+----------+------+


11. Instantiated Netlists
-------------------------

+-----------------------------------+------+
|              Ref Name             | Used |
+-----------------------------------+------+
| design_1_zynq_ultra_ps_e_0_0      |    1 |
| design_1_rst_ps8_0_99M_0          |    1 |
| design_1_axi_smc_2_0              |    1 |
| design_1_axi_smc_1_0              |    1 |
| design_1_axi_smc_0                |    1 |
| design_1_MultilayerPerceptron_0_0 |    1 |
+-----------------------------------+------+


