

================================================================
== Vitis HLS Report for 'MultilayerPerceptron'
================================================================
* Date:           Sun Aug  2 13:36:12 2026

* Version:        2025.1 (Build 6135595 on May 21 2025)
* Project:        hls
* Solution:       hls (Vivado IP Flow Target)
* Product family: zynquplus
* Target device:  xck24-ubva530-2LV-c


================================================================
== Performance Estimates
================================================================
+ Timing: 
    * Summary: 
    +--------+---------+----------+------------+
    |  Clock |  Target | Estimated| Uncertainty|
    +--------+---------+----------+------------+
    |ap_clk  |  4.00 ns|  2.920 ns|     1.08 ns|
    +--------+---------+----------+------------+

+ Latency: 
    * Summary: 
    +----------+----------+-----------+-----------+----------+----------+---------+
    |   Latency (cycles)  |   Latency (absolute)  |       Interval      | Pipeline|
    |    min   |    max   |    min    |    max    |    min   |    max   |   Type  |
    +----------+----------+-----------+-----------+----------+----------+---------+
    |  14100007|  14100007|  56.400 ms|  56.400 ms|  14100008|  14100008|       no|
    +----------+----------+-----------+-----------+----------+----------+---------+

    + Detail: 
        * Instance: 
        +-----------------------------------------+------------------------------+---------+---------+-----------+-----------+-----+-----+------------------------------------------------+
        |                                         |                              |  Latency (cycles) |   Latency (absolute)  |  Interval |                    Pipeline                    |
        |                 Instance                |            Module            |   min   |   max   |    min    |    max    | min | max |                      Type                      |
        +-----------------------------------------+------------------------------+---------+---------+-----------+-----------+-----+-----+------------------------------------------------+
        |grp_Dense_784_128_true_s_fu_148          |Dense_784_128_true_s          |      862|      862|   3.448 us|   3.448 us|  862|  862|                                              no|
        |grp_Dense_128_256_true_s_fu_159          |Dense_128_256_true_s          |      261|      261|   1.044 us|   1.044 us|  261|  261|                                              no|
        |grp_Dense_256_10_false_s_fu_167          |Dense_256_10_false_s          |      266|      266|   1.064 us|   1.064 us|  266|  266|                                              no|
        |grp_p_anonymous_namespace_ArgMax_fu_175  |p_anonymous_namespace_ArgMax  |       12|       12|  48.000 ns|  48.000 ns|   11|   11|  loop auto-rewind stp (delay=0 clock cycles(s))|
        +-----------------------------------------+------------------------------+---------+---------+-----------+-----------+-----+-----+------------------------------------------------+

        * Loop: 
        +----------+----------+----------+----------+-----------+-----------+-------+----------+
        |          |   Latency (cycles)  | Iteration|  Initiation Interval  |  Trip |          |
        | Loop Name|    min   |    max   |  Latency |  achieved |   target  | Count | Pipelined|
        +----------+----------+----------+----------+-----------+-----------+-------+----------+
        |- Images  |  14100000|  14100000|      1410|          -|          -|  10000|        no|
        +----------+----------+----------+----------+-----------+-----------+-------+----------+



================================================================
== Utilization Estimates
================================================================
* Summary: 
+-----------------+---------+-----+--------+-------+-----+
|       Name      | BRAM_18K| DSP |   FF   |  LUT  | URAM|
+-----------------+---------+-----+--------+-------+-----+
|DSP              |        -|    -|       -|      -|    -|
|Expression       |        -|    -|       0|     72|    -|
|FIFO             |        -|    -|       -|      -|    -|
|Instance         |      119|  394|   17613|  35264|    0|
|Memory           |        1|    -|      30|     16|    0|
|Multiplexer      |        -|    -|       0|    309|    -|
|Register         |        -|    -|     216|      -|    -|
+-----------------+---------+-----+--------+-------+-----+
|Total            |      120|  394|   17859|  35661|    0|
+-----------------+---------+-----+--------+-------+-----+
|Available        |      432|  360|  141120|  70560|    0|
+-----------------+---------+-----+--------+-------+-----+
|Utilization (%)  |       27|  109|      12|     50|    0|
+-----------------+---------+-----+--------+-------+-----+

+ Detail: 
    * Instance: 
    +-----------------------------------------+------------------------------+---------+-----+-------+-------+-----+
    |                 Instance                |            Module            | BRAM_18K| DSP |   FF  |  LUT  | URAM|
    +-----------------------------------------+------------------------------+---------+-----+-------+-------+-----+
    |grp_Dense_128_256_true_s_fu_159          |Dense_128_256_true_s          |       57|  256|  10204|  21643|    0|
    |grp_Dense_256_10_false_s_fu_167          |Dense_256_10_false_s          |        3|   10|    499|    906|    0|
    |grp_Dense_784_128_true_s_fu_148          |Dense_784_128_true_s          |       57|  128|   5353|  10770|    0|
    |control_s_axi_U                          |control_s_axi                 |        0|    0|    176|    296|    0|
    |gmem0_m_axi_U                            |gmem0_m_axi                   |        2|    0|    707|    757|    0|
    |gmem1_m_axi_U                            |gmem1_m_axi                   |        0|    0|    647|    767|    0|
    |grp_p_anonymous_namespace_ArgMax_fu_175  |p_anonymous_namespace_ArgMax  |        0|    0|     27|    125|    0|
    +-----------------------------------------+------------------------------+---------+-----+-------+-------+-----+
    |Total                                    |                              |      119|  394|  17613|  35264|    0|
    +-----------------------------------------+------------------------------+---------+-----+-------+-------+-----+

    * DSP: 
    N/A

    * Memory: 
    +--------+--------------------+---------+----+----+-----+------+-----+------+-------------+
    | Memory |       Module       | BRAM_18K| FF | LUT| URAM| Words| Bits| Banks| W*Bits*Banks|
    +--------+--------------------+---------+----+----+-----+------+-----+------+-------------+
    |act1_U  |act1_RAM_AUTO_1R1W  |        0|  14|  14|    0|   128|    7|     1|          896|
    |act2_U  |act2_RAM_AUTO_1R1W  |        1|   0|   0|    0|   256|    8|     1|         2048|
    |act3_U  |act3_RAM_AUTO_1R1W  |        0|  16|   2|    0|    10|    8|     1|           80|
    +--------+--------------------+---------+----+----+-----+------+-----+------+-------------+
    |Total   |                    |        1|  30|  16|    0|   394|   23|     3|         3024|
    +--------+--------------------+---------+----+----+-----+------+-----+------+-------------+

    * FIFO: 
    N/A

    * Expression: 
    +---------------------+----------+----+---+----+------------+------------+
    |    Variable Name    | Operation| DSP| FF| LUT| Bitwidth P0| Bitwidth P1|
    +---------------------+----------+----+---+----+------------+------------+
    |add_ln67_fu_205_p2   |         +|   0|  0|  21|          14|           1|
    |add_ln68_fu_215_p2   |         +|   0|  0|  30|          23|          10|
    |icmp_ln67_fu_199_p2  |      icmp|   0|  0|  21|          14|          14|
    +---------------------+----------+----+---+----+------------+------------+
    |Total                |          |   0|  0|  72|          51|          25|
    +---------------------+----------+----+---+----+------------+------------+

    * Multiplexer: 
    +-----------------+----+-----------+-----+-----------+
    |       Name      | LUT| Input Size| Bits| Total Bits|
    +-----------------+----+-----------+-----+-----------+
    |act1_address0    |  14|          3|    7|         21|
    |act1_ce0         |  14|          3|    1|          3|
    |act1_ce1         |   9|          2|    1|          2|
    |act1_we0         |   9|          2|    1|          2|
    |act1_we1         |   9|          2|    1|          2|
    |act2_address0    |  14|          3|    8|         24|
    |act2_ce0         |  14|          3|    1|          3|
    |act2_ce1         |   9|          2|    1|          2|
    |act2_we0         |   9|          2|    1|          2|
    |act2_we1         |   9|          2|    1|          2|
    |act3_address0    |  14|          3|    4|         12|
    |act3_ce0         |  14|          3|    1|          3|
    |act3_ce1         |   9|          2|    1|          2|
    |act3_we0         |   9|          2|    1|          2|
    |act3_we1         |   9|          2|    1|          2|
    |ap_NS_fsm        |  81|         17|    1|         17|
    |gmem0_0_ARVALID  |   9|          2|    1|          2|
    |gmem0_0_RREADY   |   9|          2|    1|          2|
    |gmem1_blk_n_AW   |   9|          2|    1|          2|
    |gmem1_blk_n_B    |   9|          2|    1|          2|
    |gmem1_blk_n_W    |   9|          2|    1|          2|
    |n_fu_100         |   9|          2|   14|         28|
    |phi_mul_fu_96    |   9|          2|   23|         46|
    +-----------------+----+-----------+-----+-----------+
    |Total            | 309|         67|   74|        185|
    +-----------------+----+-----------+-----+-----------+

    * Register: 
    +------------------------------------------------------+----+----+-----+-----------+
    |                         Name                         | FF | LUT| Bits| Const Bits|
    +------------------------------------------------------+----+----+-----+-----------+
    |ap_CS_fsm                                             |  16|   0|   16|          0|
    |gmem1_addr_reg_250                                    |  64|   0|   64|          0|
    |grp_Dense_128_256_true_s_fu_159_ap_start_reg          |   1|   0|    1|          0|
    |grp_Dense_256_10_false_s_fu_167_ap_start_reg          |   1|   0|    1|          0|
    |grp_Dense_784_128_true_s_fu_148_ap_start_reg          |   1|   0|    1|          0|
    |grp_p_anonymous_namespace_ArgMax_fu_175_ap_start_reg  |   1|   0|    1|          0|
    |im_read_reg_245                                       |  64|   0|   64|          0|
    |n_fu_100                                              |  14|   0|   14|          0|
    |phi_mul_fu_96                                         |  23|   0|   23|          0|
    |phi_mul_load_reg_260                                  |  23|   0|   23|          0|
    |tmp_reg_265                                           |   8|   0|    8|          0|
    +------------------------------------------------------+----+----+-----+-----------+
    |Total                                                 | 216|   0|  216|          0|
    +------------------------------------------------------+----+----+-----+-----------+



================================================================
== Interface
================================================================
* Summary: 
+-----------------------+-----+-----+------------+----------------------+--------------+
|       RTL Ports       | Dir | Bits|  Protocol  |     Source Object    |    C Type    |
+-----------------------+-----+-----+------------+----------------------+--------------+
|s_axi_control_AWVALID  |   in|    1|       s_axi|               control|        scalar|
|s_axi_control_AWREADY  |  out|    1|       s_axi|               control|        scalar|
|s_axi_control_AWADDR   |   in|    6|       s_axi|               control|        scalar|
|s_axi_control_WVALID   |   in|    1|       s_axi|               control|        scalar|
|s_axi_control_WREADY   |  out|    1|       s_axi|               control|        scalar|
|s_axi_control_WDATA    |   in|   32|       s_axi|               control|        scalar|
|s_axi_control_WSTRB    |   in|    4|       s_axi|               control|        scalar|
|s_axi_control_ARVALID  |   in|    1|       s_axi|               control|        scalar|
|s_axi_control_ARREADY  |  out|    1|       s_axi|               control|        scalar|
|s_axi_control_ARADDR   |   in|    6|       s_axi|               control|        scalar|
|s_axi_control_RVALID   |  out|    1|       s_axi|               control|        scalar|
|s_axi_control_RREADY   |   in|    1|       s_axi|               control|        scalar|
|s_axi_control_RDATA    |  out|   32|       s_axi|               control|        scalar|
|s_axi_control_RRESP    |  out|    2|       s_axi|               control|        scalar|
|s_axi_control_BVALID   |  out|    1|       s_axi|               control|        scalar|
|s_axi_control_BREADY   |   in|    1|       s_axi|               control|        scalar|
|s_axi_control_BRESP    |  out|    2|       s_axi|               control|        scalar|
|ap_clk                 |   in|    1|  ap_ctrl_hs|  MultilayerPerceptron|  return value|
|ap_rst_n               |   in|    1|  ap_ctrl_hs|  MultilayerPerceptron|  return value|
|interrupt              |  out|    1|  ap_ctrl_hs|  MultilayerPerceptron|  return value|
|m_axi_gmem0_AWVALID    |  out|    1|       m_axi|                 gmem0|       pointer|
|m_axi_gmem0_AWREADY    |   in|    1|       m_axi|                 gmem0|       pointer|
|m_axi_gmem0_AWADDR     |  out|   64|       m_axi|                 gmem0|       pointer|
|m_axi_gmem0_AWID       |  out|    1|       m_axi|                 gmem0|       pointer|
|m_axi_gmem0_AWLEN      |  out|    8|       m_axi|                 gmem0|       pointer|
|m_axi_gmem0_AWSIZE     |  out|    3|       m_axi|                 gmem0|       pointer|
|m_axi_gmem0_AWBURST    |  out|    2|       m_axi|                 gmem0|       pointer|
|m_axi_gmem0_AWLOCK     |  out|    2|       m_axi|                 gmem0|       pointer|
|m_axi_gmem0_AWCACHE    |  out|    4|       m_axi|                 gmem0|       pointer|
|m_axi_gmem0_AWPROT     |  out|    3|       m_axi|                 gmem0|       pointer|
|m_axi_gmem0_AWQOS      |  out|    4|       m_axi|                 gmem0|       pointer|
|m_axi_gmem0_AWREGION   |  out|    4|       m_axi|                 gmem0|       pointer|
|m_axi_gmem0_AWUSER     |  out|    1|       m_axi|                 gmem0|       pointer|
|m_axi_gmem0_WVALID     |  out|    1|       m_axi|                 gmem0|       pointer|
|m_axi_gmem0_WREADY     |   in|    1|       m_axi|                 gmem0|       pointer|
|m_axi_gmem0_WDATA      |  out|   32|       m_axi|                 gmem0|       pointer|
|m_axi_gmem0_WSTRB      |  out|    4|       m_axi|                 gmem0|       pointer|
|m_axi_gmem0_WLAST      |  out|    1|       m_axi|                 gmem0|       pointer|
|m_axi_gmem0_WID        |  out|    1|       m_axi|                 gmem0|       pointer|
|m_axi_gmem0_WUSER      |  out|    1|       m_axi|                 gmem0|       pointer|
|m_axi_gmem0_ARVALID    |  out|    1|       m_axi|                 gmem0|       pointer|
|m_axi_gmem0_ARREADY    |   in|    1|       m_axi|                 gmem0|       pointer|
|m_axi_gmem0_ARADDR     |  out|   64|       m_axi|                 gmem0|       pointer|
|m_axi_gmem0_ARID       |  out|    1|       m_axi|                 gmem0|       pointer|
|m_axi_gmem0_ARLEN      |  out|    8|       m_axi|                 gmem0|       pointer|
|m_axi_gmem0_ARSIZE     |  out|    3|       m_axi|                 gmem0|       pointer|
|m_axi_gmem0_ARBURST    |  out|    2|       m_axi|                 gmem0|       pointer|
|m_axi_gmem0_ARLOCK     |  out|    2|       m_axi|                 gmem0|       pointer|
|m_axi_gmem0_ARCACHE    |  out|    4|       m_axi|                 gmem0|       pointer|
|m_axi_gmem0_ARPROT     |  out|    3|       m_axi|                 gmem0|       pointer|
|m_axi_gmem0_ARQOS      |  out|    4|       m_axi|                 gmem0|       pointer|
|m_axi_gmem0_ARREGION   |  out|    4|       m_axi|                 gmem0|       pointer|
|m_axi_gmem0_ARUSER     |  out|    1|       m_axi|                 gmem0|       pointer|
|m_axi_gmem0_RVALID     |   in|    1|       m_axi|                 gmem0|       pointer|
|m_axi_gmem0_RREADY     |  out|    1|       m_axi|                 gmem0|       pointer|
|m_axi_gmem0_RDATA      |   in|   32|       m_axi|                 gmem0|       pointer|
|m_axi_gmem0_RLAST      |   in|    1|       m_axi|                 gmem0|       pointer|
|m_axi_gmem0_RID        |   in|    1|       m_axi|                 gmem0|       pointer|
|m_axi_gmem0_RUSER      |   in|    1|       m_axi|                 gmem0|       pointer|
|m_axi_gmem0_RRESP      |   in|    2|       m_axi|                 gmem0|       pointer|
|m_axi_gmem0_BVALID     |   in|    1|       m_axi|                 gmem0|       pointer|
|m_axi_gmem0_BREADY     |  out|    1|       m_axi|                 gmem0|       pointer|
|m_axi_gmem0_BRESP      |   in|    2|       m_axi|                 gmem0|       pointer|
|m_axi_gmem0_BID        |   in|    1|       m_axi|                 gmem0|       pointer|
|m_axi_gmem0_BUSER      |   in|    1|       m_axi|                 gmem0|       pointer|
|m_axi_gmem1_AWVALID    |  out|    1|       m_axi|                 gmem1|       pointer|
|m_axi_gmem1_AWREADY    |   in|    1|       m_axi|                 gmem1|       pointer|
|m_axi_gmem1_AWADDR     |  out|   64|       m_axi|                 gmem1|       pointer|
|m_axi_gmem1_AWID       |  out|    1|       m_axi|                 gmem1|       pointer|
|m_axi_gmem1_AWLEN      |  out|    8|       m_axi|                 gmem1|       pointer|
|m_axi_gmem1_AWSIZE     |  out|    3|       m_axi|                 gmem1|       pointer|
|m_axi_gmem1_AWBURST    |  out|    2|       m_axi|                 gmem1|       pointer|
|m_axi_gmem1_AWLOCK     |  out|    2|       m_axi|                 gmem1|       pointer|
|m_axi_gmem1_AWCACHE    |  out|    4|       m_axi|                 gmem1|       pointer|
|m_axi_gmem1_AWPROT     |  out|    3|       m_axi|                 gmem1|       pointer|
|m_axi_gmem1_AWQOS      |  out|    4|       m_axi|                 gmem1|       pointer|
|m_axi_gmem1_AWREGION   |  out|    4|       m_axi|                 gmem1|       pointer|
|m_axi_gmem1_AWUSER     |  out|    1|       m_axi|                 gmem1|       pointer|
|m_axi_gmem1_WVALID     |  out|    1|       m_axi|                 gmem1|       pointer|
|m_axi_gmem1_WREADY     |   in|    1|       m_axi|                 gmem1|       pointer|
|m_axi_gmem1_WDATA      |  out|   32|       m_axi|                 gmem1|       pointer|
|m_axi_gmem1_WSTRB      |  out|    4|       m_axi|                 gmem1|       pointer|
|m_axi_gmem1_WLAST      |  out|    1|       m_axi|                 gmem1|       pointer|
|m_axi_gmem1_WID        |  out|    1|       m_axi|                 gmem1|       pointer|
|m_axi_gmem1_WUSER      |  out|    1|       m_axi|                 gmem1|       pointer|
|m_axi_gmem1_ARVALID    |  out|    1|       m_axi|                 gmem1|       pointer|
|m_axi_gmem1_ARREADY    |   in|    1|       m_axi|                 gmem1|       pointer|
|m_axi_gmem1_ARADDR     |  out|   64|       m_axi|                 gmem1|       pointer|
|m_axi_gmem1_ARID       |  out|    1|       m_axi|                 gmem1|       pointer|
|m_axi_gmem1_ARLEN      |  out|    8|       m_axi|                 gmem1|       pointer|
|m_axi_gmem1_ARSIZE     |  out|    3|       m_axi|                 gmem1|       pointer|
|m_axi_gmem1_ARBURST    |  out|    2|       m_axi|                 gmem1|       pointer|
|m_axi_gmem1_ARLOCK     |  out|    2|       m_axi|                 gmem1|       pointer|
|m_axi_gmem1_ARCACHE    |  out|    4|       m_axi|                 gmem1|       pointer|
|m_axi_gmem1_ARPROT     |  out|    3|       m_axi|                 gmem1|       pointer|
|m_axi_gmem1_ARQOS      |  out|    4|       m_axi|                 gmem1|       pointer|
|m_axi_gmem1_ARREGION   |  out|    4|       m_axi|                 gmem1|       pointer|
|m_axi_gmem1_ARUSER     |  out|    1|       m_axi|                 gmem1|       pointer|
|m_axi_gmem1_RVALID     |   in|    1|       m_axi|                 gmem1|       pointer|
|m_axi_gmem1_RREADY     |  out|    1|       m_axi|                 gmem1|       pointer|
|m_axi_gmem1_RDATA      |   in|   32|       m_axi|                 gmem1|       pointer|
|m_axi_gmem1_RLAST      |   in|    1|       m_axi|                 gmem1|       pointer|
|m_axi_gmem1_RID        |   in|    1|       m_axi|                 gmem1|       pointer|
|m_axi_gmem1_RUSER      |   in|    1|       m_axi|                 gmem1|       pointer|
|m_axi_gmem1_RRESP      |   in|    2|       m_axi|                 gmem1|       pointer|
|m_axi_gmem1_BVALID     |   in|    1|       m_axi|                 gmem1|       pointer|
|m_axi_gmem1_BREADY     |  out|    1|       m_axi|                 gmem1|       pointer|
|m_axi_gmem1_BRESP      |   in|    2|       m_axi|                 gmem1|       pointer|
|m_axi_gmem1_BID        |   in|    1|       m_axi|                 gmem1|       pointer|
|m_axi_gmem1_BUSER      |   in|    1|       m_axi|                 gmem1|       pointer|
+-----------------------+-----+-----+------------+----------------------+--------------+

